#-----------------------------------------------------------
# Vivado v2024.2 (64-bit)
# SW Build 5239630 on Fri Nov 08 22:34:34 MST 2024
# IP Build 5239520 on Sun Nov 10 16:12:51 MST 2024
# SharedData Build 5239561 on Fri Nov 08 14:39:27 MST 2024
# Start of session at: Mon Jul 21 09:55:23 2025
# Process ID         : 528625
# Current directory  : /home/pierre/Documents/thesis/projects-pulp/pulpissimo-cluster/target/fpga
# Command line       : vivado
# Log file           : /home/pierre/Documents/thesis/projects-pulp/pulpissimo-cluster/target/fpga/vivado.log
# Journal file       : /home/pierre/Documents/thesis/projects-pulp/pulpissimo-cluster/target/fpga/vivado.jou
# Running On         : pierre-PC
# Platform           : Ubuntu
# Operating System   : Ubuntu 24.04.1 LTS
# Processor Detail   : Intel(R) Core(TM) i9-14900HX
# CPU Frequency      : 1857.527 MHz
# CPU Physical cores : 24
# CPU Logical cores  : 32
# Host memory        : 67141 MB
# Swap memory        : 8589 MB
# Total Virtual      : 75731 MB
# Available Virtual  : 67811 MB
#-----------------------------------------------------------
start_gui
WARNING: [Board 49-26] cannot add Board Part xilinx.com:vek280_es:part0:1.0 available at /tools/Xilinx/Vivado/2024.2/data/xhub/boards/XilinxBoardStore/boards/Xilinx/vek280/es/rev_a/1.0/board.xml as part xcve2802-vsvh1760-2lp-e-s-es1 specified in board_part file is either invalid or not available
WARNING: [Board 49-26] cannot add Board Part xilinx.com:vek280_es:part0:1.1 available at /tools/Xilinx/Vivado/2024.2/data/xhub/boards/XilinxBoardStore/boards/Xilinx/vek280/es/rev_a/1.1/board.xml as part xcve2802-vsvh1760-2lp-e-s-es1 specified in board_part file is either invalid or not available
WARNING: [Board 49-26] cannot add Board Part xilinx.com:vek280_es_revb:part0:1.0 available at /tools/Xilinx/Vivado/2024.2/data/xhub/boards/XilinxBoardStore/boards/Xilinx/vek280/es/rev_b/1.0/board.xml as part xcve2802-vsvh1760-2mp-e-s-es1 specified in board_part file is either invalid or not available
WARNING: [Board 49-26] cannot add Board Part xilinx.com:vek280_es_revb:part0:1.1 available at /tools/Xilinx/Vivado/2024.2/data/xhub/boards/XilinxBoardStore/boards/Xilinx/vek280/es/rev_b/1.1/board.xml as part xcve2802-vsvh1760-2mp-e-s-es1 specified in board_part file is either invalid or not available
WARNING: [Board 49-26] cannot add Board Part xilinx.com:zcu208ld:part0:2.0 available at /tools/Xilinx/Vivado/2024.2/data/xhub/boards/XilinxBoardStore/boards/Xilinx/zcu208ld/production/2.0/board.xml as part xczu58dr-fsvg1517-2-i specified in board_part file is either invalid or not available
WARNING: [Board 49-26] cannot add Board Part xilinx.com:zcu216ld:part0:2.0 available at /tools/Xilinx/Vivado/2024.2/data/xhub/boards/XilinxBoardStore/boards/Xilinx/zcu216ld/production/2.0/board.xml as part xczu59dr-ffvf1760-2-i specified in board_part file is either invalid or not available
WARNING: [Board 49-26] cannot add Board Part xilinx.com:zcu670ld:part0:1.0 available at /tools/Xilinx/Vivado/2024.2/data/xhub/boards/XilinxBoardStore/boards/Xilinx/zcu670ld/1.0/board.xml as part xczu57dr-fsve1156-2-i specified in board_part file is either invalid or not available
open_project /home/pierre/Documents/thesis/projects-pulp/pulpissimo-cluster/target/fpga/pulpissimo-zcu104/pulpissimo-zcu104.xpr
INFO: [filemgmt 56-3] Default IP Output Path : Could not find the directory '/home/pierre/Documents/thesis/projects-pulp/pulpissimo-cluster/target/fpga/pulpissimo-zcu104/pulpissimo-zcu104.gen/sources_1'.
Scanning sources...
Finished scanning sources
INFO: [IP_Flow 19-234] Refreshing IP repositories
INFO: [IP_Flow 19-1704] No user IP repositories specified
INFO: [IP_Flow 19-2313] Loaded Vivado IP repository '/tools/Xilinx/Vivado/2024.2/data/ip'.
open_run synth_1 -name synth_1
Design is defaulting to impl run constrset: constrs_1
Design is defaulting to synth run part: xczu7ev-ffvc1156-2-e
INFO: [Device 21-403] Loading part xczu7ev-ffvc1156-2-e
INFO: [Project 1-454] Reading design checkpoint '/home/pierre/Documents/thesis/projects-pulp/pulpissimo-cluster/target/fpga/pulpissimo-zcu104/ips/xilinx_clk_mngr/xilinx_clk_mngr.gen/sources_1/ip/xilinx_clk_mngr/xilinx_clk_mngr.dcp' for cell 'i_pulpissimo/i_clock_gen/i_clk_manager'
INFO: [Project 1-454] Reading design checkpoint '/home/pierre/Documents/thesis/projects-pulp/pulpissimo-cluster/target/fpga/pulpissimo-zcu104/ips/xilinx_slow_clk_mngr/xilinx_slow_clk_mngr.gen/sources_1/ip/xilinx_slow_clk_mngr/xilinx_slow_clk_mngr.dcp' for cell 'i_pulpissimo/i_clock_gen/i_slow_clk_mngr'
Netlist sorting complete. Time (s): cpu = 00:00:00.34 ; elapsed = 00:00:00.33 . Memory (MB): peak = 9046.875 ; gain = 0.000 ; free physical = 39232 ; free virtual = 61802
INFO: [Netlist 29-17] Analyzing 3461 Unisim elements for replacement
INFO: [Netlist 29-28] Unisim Transformation completed in 0 CPU seconds
INFO: [Project 1-479] Netlist was created with Vivado 2024.2
INFO: [Project 1-570] Preparing netlist for logic optimization
INFO: [Common 17-41] Interrupt caught. Command should exit soon.
INFO: [Opt 31-32] Removing redundant IBUF since it is not being driven by a top-level port. i_pulpissimo/i_clock_gen/i_clk_manager/inst/clkin1_ibuf 
Resolution: The tool has removed redundant IBUF. To resolve this warning, check for redundant IBUF in the input design.
INFO: [Opt 31-32] Removing redundant IBUF since it is not being driven by a top-level port. i_pulpissimo/i_clock_gen/i_slow_clk_mngr/inst/clkin1_ibuf 
Resolution: The tool has removed redundant IBUF. To resolve this warning, check for redundant IBUF in the input design.
WARNING: [Constraints 18-550] Could not create 'IBUF_LOW_PWR' constraint because net 'i_pulpissimo/i_clock_gen/i_clk_manager/clk_in1' is not directly connected to top level port. 'IBUF_LOW_PWR' is ignored for synthesis but preserved for implementation.
WARNING: [Constraints 18-550] Could not create 'IBUF_LOW_PWR' constraint because net 'i_pulpissimo/i_clock_gen/i_slow_clk_mngr/clk_in1' is not directly connected to top level port. 'IBUF_LOW_PWR' is ignored for synthesis but preserved for implementation.
WARNING: [Constraints 18-549] Could not create 'SLEW' constraint because cell 'i_pulpissimo/i_padframe/i_pulpissimo_pads/i_all_pads/i_all_pads_pads/i_pad_bootsel0' is not directly connected to top level port. 'SLEW' is ignored by Vivado but preserved inside the database.
Resolution: It is recommended to apply the I/O constraint directly to the top level port instead of applying the constraint to the cell connected to the port.
WARNING: [Constraints 18-549] Could not create 'PULLUP' constraint because cell 'i_pulpissimo/i_padframe/i_pulpissimo_pads/i_all_pads/i_all_pads_pads/i_pad_bootsel0' is not directly connected to top level port. 'PULLUP' is ignored by Vivado but preserved inside the database.
Resolution: It is recommended to apply the I/O constraint directly to the top level port instead of applying the constraint to the cell connected to the port.
WARNING: [Constraints 18-549] Could not create 'DRIVE' constraint because cell 'i_pulpissimo/i_padframe/i_pulpissimo_pads/i_all_pads/i_all_pads_pads/i_pad_bootsel0' is not directly connected to top level port. 'DRIVE' is ignored by Vivado but preserved inside the database.
Resolution: It is recommended to apply the I/O constraint directly to the top level port instead of applying the constraint to the cell connected to the port.
WARNING: [Constraints 18-549] Could not create 'IBUF_LOW_PWR' constraint because cell 'i_pulpissimo/i_padframe/i_pulpissimo_pads/i_all_pads/i_all_pads_pads/i_pad_bootsel0' is not directly connected to top level port. 'IBUF_LOW_PWR' is ignored by Vivado but preserved inside the database.
Resolution: It is recommended to apply the I/O constraint directly to the top level port instead of applying the constraint to the cell connected to the port.
WARNING: [Constraints 18-549] Could not create 'SLEW' constraint because cell 'i_pulpissimo/i_padframe/i_pulpissimo_pads/i_all_pads/i_all_pads_pads/i_pad_bootsel1' is not directly connected to top level port. 'SLEW' is ignored by Vivado but preserved inside the database.
Resolution: It is recommended to apply the I/O constraint directly to the top level port instead of applying the constraint to the cell connected to the port.
WARNING: [Constraints 18-549] Could not create 'PULLUP' constraint because cell 'i_pulpissimo/i_padframe/i_pulpissimo_pads/i_all_pads/i_all_pads_pads/i_pad_bootsel1' is not directly connected to top level port. 'PULLUP' is ignored by Vivado but preserved inside the database.
Resolution: It is recommended to apply the I/O constraint directly to the top level port instead of applying the constraint to the cell connected to the port.
WARNING: [Constraints 18-549] Could not create 'DRIVE' constraint because cell 'i_pulpissimo/i_padframe/i_pulpissimo_pads/i_all_pads/i_all_pads_pads/i_pad_bootsel1' is not directly connected to top level port. 'DRIVE' is ignored by Vivado but preserved inside the database.
Resolution: It is recommended to apply the I/O constraint directly to the top level port instead of applying the constraint to the cell connected to the port.
WARNING: [Constraints 18-549] Could not create 'IBUF_LOW_PWR' constraint because cell 'i_pulpissimo/i_padframe/i_pulpissimo_pads/i_all_pads/i_all_pads_pads/i_pad_bootsel1' is not directly connected to top level port. 'IBUF_LOW_PWR' is ignored by Vivado but preserved inside the database.
Resolution: It is recommended to apply the I/O constraint directly to the top level port instead of applying the constraint to the cell connected to the port.
WARNING: [Constraints 18-549] Could not create 'SLEW' constraint because cell 'i_pulpissimo/i_padframe/i_pulpissimo_pads/i_all_pads/i_all_pads_pads/i_pad_hyper_dq0' is not directly connected to top level port. 'SLEW' is ignored by Vivado but preserved inside the database.
Resolution: It is recommended to apply the I/O constraint directly to the top level port instead of applying the constraint to the cell connected to the port.
WARNING: [Constraints 18-549] Could not create 'PULLUP' constraint because cell 'i_pulpissimo/i_padframe/i_pulpissimo_pads/i_all_pads/i_all_pads_pads/i_pad_hyper_dq0' is not directly connected to top level port. 'PULLUP' is ignored by Vivado but preserved inside the database.
Resolution: It is recommended to apply the I/O constraint directly to the top level port instead of applying the constraint to the cell connected to the port.
WARNING: [Constraints 18-549] Could not create 'DRIVE' constraint because cell 'i_pulpissimo/i_padframe/i_pulpissimo_pads/i_all_pads/i_all_pads_pads/i_pad_hyper_dq0' is not directly connected to top level port. 'DRIVE' is ignored by Vivado but preserved inside the database.
Resolution: It is recommended to apply the I/O constraint directly to the top level port instead of applying the constraint to the cell connected to the port.
WARNING: [Constraints 18-549] Could not create 'IBUF_LOW_PWR' constraint because cell 'i_pulpissimo/i_padframe/i_pulpissimo_pads/i_all_pads/i_all_pads_pads/i_pad_hyper_dq0' is not directly connected to top level port. 'IBUF_LOW_PWR' is ignored by Vivado but preserved inside the database.
Resolution: It is recommended to apply the I/O constraint directly to the top level port instead of applying the constraint to the cell connected to the port.
WARNING: [Constraints 18-549] Could not create 'SLEW' constraint because cell 'i_pulpissimo/i_padframe/i_pulpissimo_pads/i_all_pads/i_all_pads_pads/i_pad_hyper_dq1' is not directly connected to top level port. 'SLEW' is ignored by Vivado but preserved inside the database.
Resolution: It is recommended to apply the I/O constraint directly to the top level port instead of applying the constraint to the cell connected to the port.
WARNING: [Constraints 18-549] Could not create 'PULLUP' constraint because cell 'i_pulpissimo/i_padframe/i_pulpissimo_pads/i_all_pads/i_all_pads_pads/i_pad_hyper_dq1' is not directly connected to top level port. 'PULLUP' is ignored by Vivado but preserved inside the database.
Resolution: It is recommended to apply the I/O constraint directly to the top level port instead of applying the constraint to the cell connected to the port.
WARNING: [Constraints 18-549] Could not create 'DRIVE' constraint because cell 'i_pulpissimo/i_padframe/i_pulpissimo_pads/i_all_pads/i_all_pads_pads/i_pad_hyper_dq1' is not directly connected to top level port. 'DRIVE' is ignored by Vivado but preserved inside the database.
Resolution: It is recommended to apply the I/O constraint directly to the top level port instead of applying the constraint to the cell connected to the port.
WARNING: [Constraints 18-549] Could not create 'IBUF_LOW_PWR' constraint because cell 'i_pulpissimo/i_padframe/i_pulpissimo_pads/i_all_pads/i_all_pads_pads/i_pad_hyper_dq1' is not directly connected to top level port. 'IBUF_LOW_PWR' is ignored by Vivado but preserved inside the database.
Resolution: It is recommended to apply the I/O constraint directly to the top level port instead of applying the constraint to the cell connected to the port.
WARNING: [Constraints 18-549] Could not create 'SLEW' constraint because cell 'i_pulpissimo/i_padframe/i_pulpissimo_pads/i_all_pads/i_all_pads_pads/i_pad_hyper_dq2' is not directly connected to top level port. 'SLEW' is ignored by Vivado but preserved inside the database.
Resolution: It is recommended to apply the I/O constraint directly to the top level port instead of applying the constraint to the cell connected to the port.
WARNING: [Constraints 18-549] Could not create 'PULLUP' constraint because cell 'i_pulpissimo/i_padframe/i_pulpissimo_pads/i_all_pads/i_all_pads_pads/i_pad_hyper_dq2' is not directly connected to top level port. 'PULLUP' is ignored by Vivado but preserved inside the database.
Resolution: It is recommended to apply the I/O constraint directly to the top level port instead of applying the constraint to the cell connected to the port.
WARNING: [Constraints 18-549] Could not create 'DRIVE' constraint because cell 'i_pulpissimo/i_padframe/i_pulpissimo_pads/i_all_pads/i_all_pads_pads/i_pad_hyper_dq2' is not directly connected to top level port. 'DRIVE' is ignored by Vivado but preserved inside the database.
Resolution: It is recommended to apply the I/O constraint directly to the top level port instead of applying the constraint to the cell connected to the port.
WARNING: [Constraints 18-549] Could not create 'IBUF_LOW_PWR' constraint because cell 'i_pulpissimo/i_padframe/i_pulpissimo_pads/i_all_pads/i_all_pads_pads/i_pad_hyper_dq2' is not directly connected to top level port. 'IBUF_LOW_PWR' is ignored by Vivado but preserved inside the database.
Resolution: It is recommended to apply the I/O constraint directly to the top level port instead of applying the constraint to the cell connected to the port.
WARNING: [Constraints 18-549] Could not create 'SLEW' constraint because cell 'i_pulpissimo/i_padframe/i_pulpissimo_pads/i_all_pads/i_all_pads_pads/i_pad_hyper_dq3' is not directly connected to top level port. 'SLEW' is ignored by Vivado but preserved inside the database.
Resolution: It is recommended to apply the I/O constraint directly to the top level port instead of applying the constraint to the cell connected to the port.
WARNING: [Constraints 18-549] Could not create 'PULLUP' constraint because cell 'i_pulpissimo/i_padframe/i_pulpissimo_pads/i_all_pads/i_all_pads_pads/i_pad_hyper_dq3' is not directly connected to top level port. 'PULLUP' is ignored by Vivado but preserved inside the database.
Resolution: It is recommended to apply the I/O constraint directly to the top level port instead of applying the constraint to the cell connected to the port.
WARNING: [Constraints 18-549] Could not create 'DRIVE' constraint because cell 'i_pulpissimo/i_padframe/i_pulpissimo_pads/i_all_pads/i_all_pads_pads/i_pad_hyper_dq3' is not directly connected to top level port. 'DRIVE' is ignored by Vivado but preserved inside the database.
Resolution: It is recommended to apply the I/O constraint directly to the top level port instead of applying the constraint to the cell connected to the port.
WARNING: [Constraints 18-549] Could not create 'IBUF_LOW_PWR' constraint because cell 'i_pulpissimo/i_padframe/i_pulpissimo_pads/i_all_pads/i_all_pads_pads/i_pad_hyper_dq3' is not directly connected to top level port. 'IBUF_LOW_PWR' is ignored by Vivado but preserved inside the database.
Resolution: It is recommended to apply the I/O constraint directly to the top level port instead of applying the constraint to the cell connected to the port.
WARNING: [Constraints 18-549] Could not create 'SLEW' constraint because cell 'i_pulpissimo/i_padframe/i_pulpissimo_pads/i_all_pads/i_all_pads_pads/i_pad_hyper_dq4' is not directly connected to top level port. 'SLEW' is ignored by Vivado but preserved inside the database.
Resolution: It is recommended to apply the I/O constraint directly to the top level port instead of applying the constraint to the cell connected to the port.
WARNING: [Constraints 18-549] Could not create 'PULLUP' constraint because cell 'i_pulpissimo/i_padframe/i_pulpissimo_pads/i_all_pads/i_all_pads_pads/i_pad_hyper_dq4' is not directly connected to top level port. 'PULLUP' is ignored by Vivado but preserved inside the database.
Resolution: It is recommended to apply the I/O constraint directly to the top level port instead of applying the constraint to the cell connected to the port.
WARNING: [Constraints 18-549] Could not create 'DRIVE' constraint because cell 'i_pulpissimo/i_padframe/i_pulpissimo_pads/i_all_pads/i_all_pads_pads/i_pad_hyper_dq4' is not directly connected to top level port. 'DRIVE' is ignored by Vivado but preserved inside the database.
Resolution: It is recommended to apply the I/O constraint directly to the top level port instead of applying the constraint to the cell connected to the port.
WARNING: [Constraints 18-549] Could not create 'IBUF_LOW_PWR' constraint because cell 'i_pulpissimo/i_padframe/i_pulpissimo_pads/i_all_pads/i_all_pads_pads/i_pad_hyper_dq4' is not directly connected to top level port. 'IBUF_LOW_PWR' is ignored by Vivado but preserved inside the database.
Resolution: It is recommended to apply the I/O constraint directly to the top level port instead of applying the constraint to the cell connected to the port.
WARNING: [Constraints 18-549] Could not create 'SLEW' constraint because cell 'i_pulpissimo/i_padframe/i_pulpissimo_pads/i_all_pads/i_all_pads_pads/i_pad_hyper_dq5' is not directly connected to top level port. 'SLEW' is ignored by Vivado but preserved inside the database.
Resolution: It is recommended to apply the I/O constraint directly to the top level port instead of applying the constraint to the cell connected to the port.
WARNING: [Constraints 18-549] Could not create 'PULLUP' constraint because cell 'i_pulpissimo/i_padframe/i_pulpissimo_pads/i_all_pads/i_all_pads_pads/i_pad_hyper_dq5' is not directly connected to top level port. 'PULLUP' is ignored by Vivado but preserved inside the database.
Resolution: It is recommended to apply the I/O constraint directly to the top level port instead of applying the constraint to the cell connected to the port.
WARNING: [Constraints 18-549] Could not create 'DRIVE' constraint because cell 'i_pulpissimo/i_padframe/i_pulpissimo_pads/i_all_pads/i_all_pads_pads/i_pad_hyper_dq5' is not directly connected to top level port. 'DRIVE' is ignored by Vivado but preserved inside the database.
Resolution: It is recommended to apply the I/O constraint directly to the top level port instead of applying the constraint to the cell connected to the port.
WARNING: [Constraints 18-549] Could not create 'IBUF_LOW_PWR' constraint because cell 'i_pulpissimo/i_padframe/i_pulpissimo_pads/i_all_pads/i_all_pads_pads/i_pad_hyper_dq5' is not directly connected to top level port. 'IBUF_LOW_PWR' is ignored by Vivado but preserved inside the database.
Resolution: It is recommended to apply the I/O constraint directly to the top level port instead of applying the constraint to the cell connected to the port.
WARNING: [Constraints 18-549] Could not create 'SLEW' constraint because cell 'i_pulpissimo/i_padframe/i_pulpissimo_pads/i_all_pads/i_all_pads_pads/i_pad_hyper_dq6' is not directly connected to top level port. 'SLEW' is ignored by Vivado but preserved inside the database.
Resolution: It is recommended to apply the I/O constraint directly to the top level port instead of applying the constraint to the cell connected to the port.
WARNING: [Constraints 18-549] Could not create 'PULLUP' constraint because cell 'i_pulpissimo/i_padframe/i_pulpissimo_pads/i_all_pads/i_all_pads_pads/i_pad_hyper_dq6' is not directly connected to top level port. 'PULLUP' is ignored by Vivado but preserved inside the database.
Resolution: It is recommended to apply the I/O constraint directly to the top level port instead of applying the constraint to the cell connected to the port.
WARNING: [Constraints 18-549] Could not create 'DRIVE' constraint because cell 'i_pulpissimo/i_padframe/i_pulpissimo_pads/i_all_pads/i_all_pads_pads/i_pad_hyper_dq6' is not directly connected to top level port. 'DRIVE' is ignored by Vivado but preserved inside the database.
Resolution: It is recommended to apply the I/O constraint directly to the top level port instead of applying the constraint to the cell connected to the port.
WARNING: [Constraints 18-549] Could not create 'IBUF_LOW_PWR' constraint because cell 'i_pulpissimo/i_padframe/i_pulpissimo_pads/i_all_pads/i_all_pads_pads/i_pad_hyper_dq6' is not directly connected to top level port. 'IBUF_LOW_PWR' is ignored by Vivado but preserved inside the database.
Resolution: It is recommended to apply the I/O constraint directly to the top level port instead of applying the constraint to the cell connected to the port.
WARNING: [Constraints 18-549] Could not create 'SLEW' constraint because cell 'i_pulpissimo/i_padframe/i_pulpissimo_pads/i_all_pads/i_all_pads_pads/i_pad_hyper_dq7' is not directly connected to top level port. 'SLEW' is ignored by Vivado but preserved inside the database.
Resolution: It is recommended to apply the I/O constraint directly to the top level port instead of applying the constraint to the cell connected to the port.
WARNING: [Constraints 18-549] Could not create 'PULLUP' constraint because cell 'i_pulpissimo/i_padframe/i_pulpissimo_pads/i_all_pads/i_all_pads_pads/i_pad_hyper_dq7' is not directly connected to top level port. 'PULLUP' is ignored by Vivado but preserved inside the database.
Resolution: It is recommended to apply the I/O constraint directly to the top level port instead of applying the constraint to the cell connected to the port.
WARNING: [Constraints 18-549] Could not create 'DRIVE' constraint because cell 'i_pulpissimo/i_padframe/i_pulpissimo_pads/i_all_pads/i_all_pads_pads/i_pad_hyper_dq7' is not directly connected to top level port. 'DRIVE' is ignored by Vivado but preserved inside the database.
Resolution: It is recommended to apply the I/O constraint directly to the top level port instead of applying the constraint to the cell connected to the port.
WARNING: [Constraints 18-549] Could not create 'IBUF_LOW_PWR' constraint because cell 'i_pulpissimo/i_padframe/i_pulpissimo_pads/i_all_pads/i_all_pads_pads/i_pad_hyper_dq7' is not directly connected to top level port. 'IBUF_LOW_PWR' is ignored by Vivado but preserved inside the database.
Resolution: It is recommended to apply the I/O constraint directly to the top level port instead of applying the constraint to the cell connected to the port.
WARNING: [Constraints 18-549] Could not create 'SLEW' constraint because cell 'i_pulpissimo/i_padframe/i_pulpissimo_pads/i_all_pads/i_all_pads_pads/i_pad_hyper_rwds' is not directly connected to top level port. 'SLEW' is ignored by Vivado but preserved inside the database.
Resolution: It is recommended to apply the I/O constraint directly to the top level port instead of applying the constraint to the cell connected to the port.
WARNING: [Constraints 18-549] Could not create 'PULLUP' constraint because cell 'i_pulpissimo/i_padframe/i_pulpissimo_pads/i_all_pads/i_all_pads_pads/i_pad_hyper_rwds' is not directly connected to top level port. 'PULLUP' is ignored by Vivado but preserved inside the database.
Resolution: It is recommended to apply the I/O constraint directly to the top level port instead of applying the constraint to the cell connected to the port.
WARNING: [Constraints 18-549] Could not create 'DRIVE' constraint because cell 'i_pulpissimo/i_padframe/i_pulpissimo_pads/i_all_pads/i_all_pads_pads/i_pad_hyper_rwds' is not directly connected to top level port. 'DRIVE' is ignored by Vivado but preserved inside the database.
Resolution: It is recommended to apply the I/O constraint directly to the top level port instead of applying the constraint to the cell connected to the port.
WARNING: [Constraints 18-549] Could not create 'IBUF_LOW_PWR' constraint because cell 'i_pulpissimo/i_padframe/i_pulpissimo_pads/i_all_pads/i_all_pads_pads/i_pad_hyper_rwds' is not directly connected to top level port. 'IBUF_LOW_PWR' is ignored by Vivado but preserved inside the database.
Resolution: It is recommended to apply the I/O constraint directly to the top level port instead of applying the constraint to the cell connected to the port.
WARNING: [Constraints 18-549] Could not create 'SLEW' constraint because cell 'i_pulpissimo/i_padframe/i_pulpissimo_pads/i_all_pads/i_all_pads_pads/i_pad_jtag_trstn' is not directly connected to top level port. 'SLEW' is ignored by Vivado but preserved inside the database.
Resolution: It is recommended to apply the I/O constraint directly to the top level port instead of applying the constraint to the cell connected to the port.
WARNING: [Constraints 18-549] Could not create 'PULLUP' constraint because cell 'i_pulpissimo/i_padframe/i_pulpissimo_pads/i_all_pads/i_all_pads_pads/i_pad_jtag_trstn' is not directly connected to top level port. 'PULLUP' is ignored by Vivado but preserved inside the database.
Resolution: It is recommended to apply the I/O constraint directly to the top level port instead of applying the constraint to the cell connected to the port.
WARNING: [Constraints 18-549] Could not create 'DRIVE' constraint because cell 'i_pulpissimo/i_padframe/i_pulpissimo_pads/i_all_pads/i_all_pads_pads/i_pad_jtag_trstn' is not directly connected to top level port. 'DRIVE' is ignored by Vivado but preserved inside the database.
Resolution: It is recommended to apply the I/O constraint directly to the top level port instead of applying the constraint to the cell connected to the port.
WARNING: [Constraints 18-549] Could not create 'IBUF_LOW_PWR' constraint because cell 'i_pulpissimo/i_padframe/i_pulpissimo_pads/i_all_pads/i_all_pads_pads/i_pad_jtag_trstn' is not directly connected to top level port. 'IBUF_LOW_PWR' is ignored by Vivado but preserved inside the database.
Resolution: It is recommended to apply the I/O constraint directly to the top level port instead of applying the constraint to the cell connected to the port.
CRITICAL WARNING: [Designutils 20-1275] Could not find cell 'inst' within module 'xilinx_slow_clk_mngr' for instance 'i_pulpissimo/i_clock_gen/i_slow_clk_mngr'. The XDC file /home/pierre/Documents/thesis/projects-pulp/pulpissimo-cluster/target/fpga/pulpissimo-zcu104/ips/xilinx_slow_clk_mngr/xilinx_slow_clk_mngr.gen/sources_1/ip/xilinx_slow_clk_mngr/xilinx_slow_clk_mngr_board.xdc will not be read for this cell.
CRITICAL WARNING: [Designutils 20-1275] Could not find cell 'inst' within module 'xilinx_slow_clk_mngr' for instance 'i_pulpissimo/i_clock_gen/i_slow_clk_mngr'. The XDC file /home/pierre/Documents/thesis/projects-pulp/pulpissimo-cluster/target/fpga/pulpissimo-zcu104/ips/xilinx_slow_clk_mngr/xilinx_slow_clk_mngr.gen/sources_1/ip/xilinx_slow_clk_mngr/xilinx_slow_clk_mngr.xdc will not be read for this cell.
CRITICAL WARNING: [Designutils 20-1275] Could not find cell 'inst' within module 'xilinx_clk_mngr' for instance 'i_pulpissimo/i_clock_gen/i_clk_manager'. The XDC file /home/pierre/Documents/thesis/projects-pulp/pulpissimo-cluster/target/fpga/pulpissimo-zcu104/ips/xilinx_clk_mngr/xilinx_clk_mngr.gen/sources_1/ip/xilinx_clk_mngr/xilinx_clk_mngr_board.xdc will not be read for this cell.
CRITICAL WARNING: [Designutils 20-1275] Could not find cell 'inst' within module 'xilinx_clk_mngr' for instance 'i_pulpissimo/i_clock_gen/i_clk_manager'. The XDC file /home/pierre/Documents/thesis/projects-pulp/pulpissimo-cluster/target/fpga/pulpissimo-zcu104/ips/xilinx_clk_mngr/xilinx_clk_mngr.gen/sources_1/ip/xilinx_clk_mngr/xilinx_clk_mngr.xdc will not be read for this cell.
Parsing XDC File [/home/pierre/Documents/thesis/projects-pulp/pulpissimo-cluster/target/fpga/pulpissimo-zcu104/constraints/zcu104.xdc]
Finished Parsing XDC File [/home/pierre/Documents/thesis/projects-pulp/pulpissimo-cluster/target/fpga/pulpissimo-zcu104/constraints/zcu104.xdc]
CRITICAL WARNING: [Designutils 20-1275] Could not find cell 'inst' within module 'xilinx_slow_clk_mngr' for instance 'i_pulpissimo/i_clock_gen/i_slow_clk_mngr'. The XDC file /home/pierre/Documents/thesis/projects-pulp/pulpissimo-cluster/target/fpga/pulpissimo-zcu104/ips/xilinx_slow_clk_mngr/xilinx_slow_clk_mngr.gen/sources_1/ip/xilinx_slow_clk_mngr/xilinx_slow_clk_mngr_late.xdc will not be read for this cell.
INFO: [Opt 31-138] Pushed 0 inverter(s) to 0 load pin(s).
open_run: Time (s): cpu = 00:00:35 ; elapsed = 00:00:11 . Memory (MB): peak = 9527.004 ; gain = 1572.246 ; free physical = 39413 ; free virtual = 61988
INFO: [Common 17-344] 'open_run' was cancelled
update_compile_order -fileset sources_1
open_run impl_1
Netlist sorting complete. Time (s): cpu = 00:00:00.31 ; elapsed = 00:00:00.3 . Memory (MB): peak = 9557.012 ; gain = 0.000 ; free physical = 39398 ; free virtual = 62025
INFO: [Netlist 29-17] Analyzing 2998 Unisim elements for replacement
INFO: [Netlist 29-28] Unisim Transformation completed in 0 CPU seconds
INFO: [Project 1-479] Netlist was created with Vivado 2024.2
INFO: [Project 1-570] Preparing netlist for logic optimization
WARNING: [Constraints 18-550] Could not create 'IBUF_LOW_PWR' constraint because net 'i_pulpissimo/i_clock_gen/i_clk_manager/clk_in1' is not directly connected to top level port. 'IBUF_LOW_PWR' is ignored for synthesis but preserved for implementation.
WARNING: [Constraints 18-550] Could not create 'IBUF_LOW_PWR' constraint because net 'i_pulpissimo/i_clock_gen/i_slow_clk_mngr/clk_in1' is not directly connected to top level port. 'IBUF_LOW_PWR' is ignored for synthesis but preserved for implementation.
Read ShapeDB Complete: Time (s): cpu = 00:00:00.05 ; elapsed = 00:00:00.04 . Memory (MB): peak = 9557.012 ; gain = 0.000 ; free physical = 39463 ; free virtual = 62033
INFO: [Timing 38-478] Restoring timing data from binary archive.
INFO: [Timing 38-479] Binary timing data restore complete.
INFO: [Project 1-856] Restoring constraints from binary archive.
INFO: [Project 1-853] Binary constraint restore complete.
INFO: [Designutils 20-5722] Start Reading Physical Databases.
Reading placement.
Read Netlist Cache: Time (s): cpu = 00:00:00.03 ; elapsed = 00:00:00.03 . Memory (MB): peak = 9701.801 ; gain = 0.000 ; free physical = 39485 ; free virtual = 62055
Reading placer database...
Read Device Cache: Time (s): cpu = 00:00:00.02 ; elapsed = 00:00:00.02 . Memory (MB): peak = 9701.801 ; gain = 0.000 ; free physical = 39485 ; free virtual = 62055
Read PlaceDB: Time (s): cpu = 00:00:00.98 ; elapsed = 00:00:00.96 . Memory (MB): peak = 9718.801 ; gain = 17.000 ; free physical = 39473 ; free virtual = 62043
Read PulsedLatchDB: Time (s): cpu = 00:00:00 ; elapsed = 00:00:00 . Memory (MB): peak = 9718.801 ; gain = 0.000 ; free physical = 39473 ; free virtual = 62043
Reading routing.
Read RouteStorage: Time (s): cpu = 00:00:04 ; elapsed = 00:00:04 . Memory (MB): peak = 10207.309 ; gain = 488.508 ; free physical = 39018 ; free virtual = 61587
Read Physdb Files: Time (s): cpu = 00:00:06 ; elapsed = 00:00:05 . Memory (MB): peak = 10207.309 ; gain = 505.508 ; free physical = 39018 ; free virtual = 61587
Restored from archive | CPU: 5.750000 secs | Memory: 492.233765 MB |
Finished XDEF File Restore: Time (s): cpu = 00:00:06 ; elapsed = 00:00:05 . Memory (MB): peak = 10207.309 ; gain = 505.508 ; free physical = 39017 ; free virtual = 61587
Netlist sorting complete. Time (s): cpu = 00:00:00 ; elapsed = 00:00:00.01 . Memory (MB): peak = 10207.309 ; gain = 0.000 ; free physical = 39017 ; free virtual = 61587
INFO: [Project 1-111] Unisim Transformation Summary:
  A total of 50 instances were transformed.
  DSP48E2 => DSP48E2 (DSP_ALU, DSP_A_B_DATA, DSP_C_DATA, DSP_MULTIPLIER, DSP_M_DATA, DSP_OUTPUT, DSP_PREADD, DSP_PREADD_DATA): 12 instances
  IBUF => IBUF (IBUFCTRL, INBUF): 1 instance 
  IBUFGDS => IBUFDS (DIFFINBUF, IBUFCTRL): 1 instance 
  IOBUF => IOBUF (IBUFCTRL, INBUF, OBUFT): 36 instances

open_run: Time (s): cpu = 00:00:20 ; elapsed = 00:00:14 . Memory (MB): peak = 10722.609 ; gain = 1175.598 ; free physical = 38163 ; free virtual = 60777
CRITICAL WARNING: [Timing 38-282] The design failed to meet the timing requirements. Please see the timing summary report for details on the timing violations.
